<html>
<body>
<pre>
<h1>µVision Build Log</h1>
<h2>Project:</h2>
C:\Users\Ma7am\Desktop\ARTRONIC\examples\timer\TimerDelay\TimerDelay.uvproj
Project File Date:  07/04/2016

<h2>Output:</h2>
Rebuild target 'Target 1'
assembling startup_stm32f10x_cl.s...
compiling main.c...
linking...
Program Size: Code=1740 RO-data=368 RW-data=16 ZI-data=1632  
".\TimerDelay.axf" - 0 Error(s), 0 Warning(s).
Load "C:\\Users\\Ma7am\\Desktop\\ARTRONIC\\examples\\timer\\TimerDelay\\TimerDelay.axf" 
Erase Done.
Programming Done.
Verify OK.
